cargo :    Compiling proc-macro2 v1.0.106
En línea: 1 Carácter: 36
+ ... n backend; cargo clean; cargo build --release > build_output.txt 2>&1
+                             ~~~~~~~~~~~~~~~~~~~~~~~~~~~~~~~~~~~~~~~~~~~~~
    + CategoryInfo          : NotSpecified: (   Compiling proc-macro2 v1.0.106:String) [], RemoteException
    + FullyQualifiedErrorId : NativeCommandError
 
   Compiling unicode-ident v1.0.24
   Compiling quote v1.0.45
   Compiling version_check v0.9.5
   Compiling serde v1.0.228
   Compiling cfg-if v1.0.4
   Compiling typenum v1.19.0
   Compiling serde_core v1.0.228
   Compiling windows-link v0.2.1
   Compiling memchr v2.8.0
   Compiling autocfg v1.5.0
   Compiling zerocopy v0.8.42
   Compiling parking_lot_core v0.9.12
   Compiling windows-sys v0.61.2
   Compiling icu_normalizer_data v2.1.1
   Compiling icu_properties_data v2.1.2
   Compiling bytes v1.11.1
   Compiling itoa v1.0.17
   Compiling generic-array v0.14.7
   Compiling subtle v2.6.1
   Compiling num-traits v0.2.19
   Compiling find-msvc-tools v0.1.9
   Compiling stable_deref_trait v1.2.1
   Compiling shlex v1.3.0
   Compiling pin-project-lite v0.2.17
   Compiling zmij v1.0.21
   Compiling crossbeam-utils v0.8.21
   Compiling cc v1.2.57
   Compiling futures-core v0.3.32
   Compiling serde_json v1.0.149
   Compiling litemap v0.8.1
   Compiling scopeguard v1.2.0
   Compiling windows_x86_64_msvc v0.48.5
   Compiling writeable v0.6.2
   Compiling cpufeatures v0.2.17
   Compiling tinyvec_macros v0.1.1
   Compiling once_cell v1.21.4
   Compiling lock_api v0.4.14
   Compiling getrandom v0.3.4
   Compiling thiserror v2.0.18
   Compiling futures-sink v0.3.32
   Compiling tinyvec v1.11.0
   Compiling mio v1.1.1
   Compiling syn v2.0.117
   Compiling socket2 v0.6.3
   Compiling getrandom v0.2.17
   Compiling equivalent v1.0.2
   Compiling base64 v0.22.1
   Compiling crypto-common v0.1.7
   Compiling block-buffer v0.10.4
   Compiling unicode-bidi v0.3.18
   Compiling tracing-core v0.1.36
   Compiling unicode-normalization v0.1.25
   Compiling log v0.4.29
   Compiling digest v0.10.7
   Compiling rand_core v0.9.5
   Compiling rustls v0.23.37
   Compiling ring v0.17.14
   Compiling sha2 v0.10.9
   Compiling hmac v0.12.1
   Compiling hashbrown v0.16.1
   Compiling zeroize v1.8.2
   Compiling percent-encoding v2.3.2
   Compiling unicode-properties v0.1.4
   Compiling ppv-lite86 v0.2.21
   Compiling utf8_iter v1.0.4
   Compiling rustls-pki-types v1.14.0
   Compiling form_urlencoded v1.2.2
   Compiling md-5 v0.10.6
   Compiling stringprep v0.1.5
   Compiling http v1.4.0
   Compiling rand_chacha v0.9.0
   Compiling indexmap v2.13.0
   Compiling getrandom v0.4.2
   Compiling fallible-iterator v0.2.0
   Compiling synstructure v0.13.2
   Compiling byteorder v1.5.0
   Compiling futures-io v0.3.32
   Compiling futures-task v0.3.32
   Compiling slab v0.4.12
   Compiling futures-util v0.3.32
   Compiling rand v0.9.2
   Compiling uuid v1.22.0
   Compiling untrusted v0.9.0
   Compiling rust_decimal v1.40.0
   Compiling serde_derive v1.0.228
   Compiling zerofrom-derive v0.1.6
   Compiling yoke-derive v0.8.1
   Compiling zerovec-derive v0.11.2
   Compiling displaydoc v0.2.5
   Compiling tracing-attributes v0.1.31
   Compiling tokio-macros v2.6.1
   Compiling thiserror-impl v2.0.18
   Compiling postgres-protocol v0.6.10
   Compiling postgres-types v0.2.12
   Compiling http-body v1.0.1
   Compiling aho-corasick v1.1.4
   Compiling httparse v1.10.1
   Compiling crc32fast v1.5.0
   Compiling regex-syntax v0.8.10
   Compiling allocator-api2 v0.2.21
   Compiling tracing v0.1.44
   Compiling foldhash v0.1.5
   Compiling zerofrom v0.1.6
   Compiling arrayvec v0.7.6
   Compiling hashbrown v0.15.5
   Compiling rustls-webpki v0.103.9
   Compiling tokio v1.50.0
   Compiling yoke v0.8.1
   Compiling windows-targets v0.48.5
   Compiling regex-automata v0.4.14
   Compiling concurrent-queue v2.5.0
   Compiling webpki-roots v1.0.6
   Compiling rand_core v0.6.4
   Compiling futures-channel v0.3.32
   Compiling winapi-util v0.1.11
   Compiling zerovec v0.11.5
   Compiling zerotrie v0.2.3
   Compiling crc-catalog v2.4.0
   Compiling parking v2.2.1
   Compiling mime v0.3.17
   Compiling tower-service v0.3.3
   Compiling crc v3.4.0
   Compiling event-listener v5.4.1
   Compiling regex v1.12.3
   Compiling same-file v1.0.6
   Compiling smallvec v1.15.1
   Compiling chrono v0.4.44
   Compiling either v1.15.0
   Compiling parking_lot v0.12.5
   Compiling tinystr v0.8.2
   Compiling potential_utf v0.1.4
   Compiling icu_collections v2.1.1
   Compiling icu_locale_core v2.1.1
   Compiling futures-intrusive v0.5.0
   Compiling rand_chacha v0.3.1
   Compiling webpki-roots v0.26.11
   Compiling tokio-stream v0.1.18
   Compiling windows-sys v0.48.0
   Compiling icu_provider v2.1.1
   Compiling hashlink v0.10.0
   Compiling icu_properties v2.1.2
   Compiling icu_normalizer v2.1.1
   Compiling crossbeam-queue v0.3.12
   Compiling home v0.5.12
   Compiling proc-macro-error-attr v1.0.4
   Compiling syn v1.0.109
   Compiling tower-layer v0.3.3
   Compiling fnv v1.0.7
   Compiling thiserror v1.0.69
   Compiling unicase v2.9.0
   Compiling ident_case v1.0.1
   Compiling zlib-rs v0.6.3
   Compiling httpdate v1.0.3
   Compiling bumpalo v3.20.2
   Compiling idna_adapter v1.2.1
   Compiling idna v1.1.0
   Compiling strsim v0.11.1
   Compiling simd-adler32 v0.3.9
   Compiling url v2.5.8
   Compiling zopfli v0.8.3
   Compiling darling_core v0.20.11
   Compiling mime_guess v2.0.5
   Compiling etcetera v0.8.0
   Compiling sqlx-core v0.8.6
   Compiling flate2 v1.1.9
   Compiling hkdf v0.12.4
   Compiling rand v0.8.5
   Compiling walkdir v2.5.0
   Compiling http-body-util v0.1.3
   Compiling thiserror-impl v1.0.69
   Compiling atoi v2.0.0
   Compiling proc-macro-error v1.0.4
   Compiling multer v3.1.0
   Compiling time-core v0.1.8
   Compiling hex v0.4.3
   Compiling num-conv v0.2.0
   Compiling pin-utils v0.1.0
   Compiling ryu v1.0.23
   Compiling sync_wrapper v1.0.2
   Compiling whoami v1.6.1
   Compiling dotenvy v0.15.7
   Compiling Inflector v0.11.4
   Compiling atomic-waker v1.1.2
   Compiling bitflags v2.11.0
   Compiling powerfmt v0.2.0
   Compiling specta-macros v2.0.0-rc.17
   Compiling deranged v0.5.8
   Compiling time-macros v0.2.27
   Compiling hyper v1.8.1
   Compiling zip v3.0.0
   Compiling darling_macro v0.20.11
   Compiling rust-embed-utils v8.11.0
   Compiling sqlx-postgres v0.8.6
   Compiling num-integer v0.1.46
   Compiling encoding_rs v0.8.35
   Compiling heck v0.5.0
   Compiling spin v0.9.8
   Compiling time v0.3.47
   Compiling num-bigint v0.4.6
   Compiling utoipa-swagger-ui v9.0.2
   Compiling hyper-util v0.1.20
   Compiling specta v2.0.0-rc.20
   Compiling darling v0.20.11
   Compiling rust-embed-impl v8.11.0
   Compiling tower v0.5.3
   Compiling serde_urlencoded v0.7.1
   Compiling axum-core v0.5.6
   Compiling utoipa-gen v5.4.0
   Compiling axum-macros v0.5.0
   Compiling serde_path_to_error v0.1.20
   Compiling lazy_static v1.5.0
   Compiling sqlx-macros-core v0.8.6
   Compiling matchit v0.8.4
   Compiling base64ct v1.8.3
   Compiling password-hash v0.5.0
   Compiling axum v0.8.8
   Compiling sharded-slab v0.1.7
   Compiling simple_asn1 v0.6.4
   Compiling rust-embed v8.11.0
   Compiling specta-serde v0.0.7
   Compiling validator_derive v0.18.2
   Compiling matchers v0.2.0
   Compiling tokio-util v0.7.18
   Compiling idna v0.5.0
   Compiling tracing-log v0.2.0
   Compiling blake2 v0.10.6
   Compiling pem v3.0.6
   Compiling nu-ansi-term v0.50.3
   Compiling csv-core v0.1.13
   Compiling thread_local v1.1.9
   Compiling http-range-header v0.4.2
   Compiling tracing-subscriber v0.3.23
   Compiling csv v1.4.0
   Compiling jsonwebtoken v9.3.1
   Compiling validator v0.18.1
   Compiling sqlx-macros v0.8.6
   Compiling tower-http v0.6.8
   Compiling argon2 v0.5.3
   Compiling specta-typescript v0.0.7
   Compiling utoipa v5.4.0
   Compiling sqlx v0.8.6
   Compiling inventario-lab-backend v0.1.0 (C:\Users\Desarrollo\Documents\14 marzo inventario\backend)
    Finished `release` profile [optimized] target(s) in 1m 47s
